[    0.000000] Linux version 4.15.0-213-generic (buildd@lcy02-amd64-079) (gcc version 7.5.0 (Ubuntu 7.5.0-3ubuntu1~18.04)) #224-Ubuntu SMP Mon Jun 19 13:30:12 UTC 2023 (Ubuntu 4.15.0-213.224-generic 4.15.18)
[    0.000000] Command line: BOOT_IMAGE=/boot/vmlinuz-4.15.0-213-generic root=UUID=f685bb41-0e3b-40c4-89c1-eea0f0583525 ro console=tty1 console=ttyS0
[    0.000000] KERNEL supported cpus:
[    0.000000]   Intel GenuineIntel
[    0.000000]   AMD AuthenticAMD
[    0.000000]   Centaur CentaurHauls
[    0.000000] x86/fpu: Supporting XSAVE feature 0x001: 'x87 floating point registers'
[    0.000000] x86/fpu: Supporting XSAVE feature 0x002: 'SSE registers'
[    0.000000] x86/fpu: Supporting XSAVE feature 0x004: 'AVX registers'
[    0.000000] x86/fpu: xstate_offset[2]:  576, xstate_sizes[2]:  256
[    0.000000] x86/fpu: Enabled xstate features 0x7, context size is 832 bytes, using 'standard' format.
[    0.000000] e820: BIOS-provided physical RAM map:
[    0.000000] BIOS-e820: [mem 0x0000000000000000-0x000000000009fbff] usable
[    0.000000] BIOS-e820: [mem 0x000000000009fc00-0x000000000009ffff] reserved
[    0.000000] BIOS-e820: [mem 0x00000000000f0000-0x00000000000fffff] reserved
[    0.000000] BIOS-e820: [mem 0x0000000000100000-0x000000003ffeffff] usable
[    0.000000] BIOS-e820: [mem 0x000000003fff0000-0x000000003fffffff] ACPI data
[    0.000000] BIOS-e820: [mem 0x00000000fec00000-0x00000000fec00fff] reserved
[    0.000000] BIOS-e820: [mem 0x00000000fee00000-0x00000000fee00fff] reserved
[    0.000000] BIOS-e820: [mem 0x00000000fffc0000-0x00000000ffffffff] reserved
[    0.000000] NX (Execute Disable) protection: active
[    0.000000] SMBIOS 2.5 present.
[    0.000000] DMI: innotek GmbH VirtualBox/VirtualBox, BIOS VirtualBox 12/01/2006
[    0.000000] Hypervisor detected: KVM
[    0.000000] e820: last_pfn = 0x3fff0 max_arch_pfn = 0x400000000
[    0.000000] MTRR: Disabled
[    0.000000] x86/PAT: MTRRs disabled, skipping PAT initialization too.
[    0.000000] CPU MTRRs all blank - virtualized system.
[    0.000000] x86/PAT: Configuration [0-7]: WB  WT  UC- UC  WB  WT  UC- UC  
[    0.000000] found SMP MP-table at [mem 0x0009fff0-0x0009ffff]
[    0.000000] Scanning 1 areas for low memory corruption
[    0.000000] RAMDISK: [mem 0x35819000-0x36c03fff]
[    0.000000] ACPI: Early table checksum verification disabled
[    0.000000] ACPI: RSDP 0x00000000000E0000 000024 (v02 VBOX  )
[    0.000000] ACPI: XSDT 0x000000003FFF0030 00003C (v01 VBOX   VBOXXSDT 00000001 ASL  00000061)
[    0.000000] ACPI: FACP 0x000000003FFF00F0 0000F4 (v04 VBOX   VBOXFACP 00000001 ASL  00000061)
[    0.000000] ACPI: DSDT 0x000000003FFF0610 002353 (v02 VBOX   VBOXBIOS 00000002 INTL 20200925)
[    0.000000] ACPI: FACS 0x000000003FFF0200 000040
[    0.000000] ACPI: FACS 0x000000003FFF0200 000040
[    0.000000] ACPI: APIC 0x000000003FFF0240 000054 (v02 VBOX   VBOXAPIC 00000001 ASL  00000061)
[    0.000000] ACPI: SSDT 0x000000003FFF02A0 00036C (v01 VBOX   VBOXCPUT 00000002 INTL 20200925)
[    0.000000] ACPI: Reserving FACP table memory at [mem 0x3fff00f0-0x3fff01e3]
[    0.000000] ACPI: Reserving DSDT table memory at [mem 0x3fff0610-0x3fff2962]
[    0.000000] ACPI: Reserving FACS table memory at [mem 0x3fff0200-0x3fff023f]
[    0.000000] ACPI: Reserving FACS table memory at [mem 0x3fff0200-0x3fff023f]
[    0.000000] ACPI: Reserving APIC table memory at [mem 0x3fff0240-0x3fff0293]
[    0.000000] ACPI: Reserving SSDT table memory at [mem 0x3fff02a0-0x3fff060b]
[    0.000000] No NUMA configuration found
[    0.000000] Faking a node at [mem 0x0000000000000000-0x000000003ffeffff]
[    0.000000] NODE_DATA(0) allocated [mem 0x3ffc5000-0x3ffeffff]
[    0.000000] kvm-clock: cpu 0, msr 0:3ff44001, primary cpu clock
[    0.000000] kvm-clock: Using msrs 4b564d01 and 4b564d00
[    0.000000] kvm-clock: using sched offset of 3440296848 cycles
[    0.000000] clocksource: kvm-clock: mask: 0xffffffffffffffff max_cycles: 0x1cd42e4dffb, max_idle_ns: 881590591483 ns
[    0.000000] Zone ranges:
[    0.000000]   DMA      [mem 0x0000000000001000-0x0000000000ffffff]
[    0.000000]   DMA32    [mem 0x0000000001000000-0x000000003ffeffff]
[    0.000000]   Normal   empty
[    0.000000]   Device   empty
[    0.000000] Movable zone start for each node
[    0.000000] Early memory node ranges
[    0.000000]   node   0: [mem 0x0000000000001000-0x000000000009efff]
[    0.000000]   node   0: [mem 0x0000000000100000-0x000000003ffeffff]
[    0.000000] Reserved but unavailable: 104 pages
[    0.000000] Initmem setup node 0 [mem 0x0000000000001000-0x000000003ffeffff]
[    0.000000] ACPI: PM-Timer IO Port: 0x4008
[    0.000000] IOAPIC[0]: apic_id 1, version 32, address 0xfec00000, GSI 0-23
[    0.000000] ACPI: INT_SRC_OVR (bus 0 bus_irq 0 global_irq 2 dfl dfl)
[    0.000000] ACPI: INT_SRC_OVR (bus 0 bus_irq 9 global_irq 9 low level)
[    0.000000] Using ACPI (MADT) for SMP configuration information
[    0.000000] smpboot: Allowing 1 CPUs, 0 hotplug CPUs
[    0.000000] PM: Registered nosave memory: [mem 0x00000000-0x00000fff]
[    0.000000] PM: Registered nosave memory: [mem 0x0009f000-0x0009ffff]
[    0.000000] PM: Registered nosave memory: [mem 0x000a0000-0x000effff]
[    0.000000] PM: Registered nosave memory: [mem 0x000f0000-0x000fffff]
[    0.000000] e820: [mem 0x40000000-0xfebfffff] available for PCI devices
[    0.000000] Booting paravirtualized kernel on KVM
[    0.000000] clocksource: refined-jiffies: mask: 0xffffffff max_cycles: 0xffffffff, max_idle_ns: 7645519600211568 ns
[    0.000000] setup_percpu: NR_CPUS:8192 nr_cpumask_bits:1 nr_cpu_ids:1 nr_node_ids:1
[    0.000000] percpu: Embedded 50 pages/cpu s167936 r8192 d28672 u2097152
[    0.000000] PV qspinlock hash table entries: 256 (order: 0, 4096 bytes)
[    0.000000] Built 1 zonelists, mobility grouping on.  Total pages: 257913
[    0.000000] Policy zone: DMA32
[    0.000000] Kernel command line: BOOT_IMAGE=/boot/vmlinuz-4.15.0-213-generic root=UUID=f685bb41-0e3b-40c4-89c1-eea0f0583525 ro console=tty1 console=ttyS0
[    0.000000] Memory: 981976K/1048120K available (12300K kernel code, 2477K rwdata, 4324K rodata, 2480K init, 2720K bss, 66144K reserved, 0K cma-reserved)
[    0.000000] SLUB: HWalign=64, Order=0-3, MinObjects=0, CPUs=1, Nodes=1
[    0.000000] Kernel/User page tables isolation: enabled
[    0.000000] ftrace: allocating 39508 entries in 155 pages
[    0.004000] Hierarchical RCU implementation.
[    0.004000] 	RCU restricting CPUs from NR_CPUS=8192 to nr_cpu_ids=1.
[    0.004000] 	Tasks RCU enabled.
[    0.004000] RCU: Adjusting geometry for rcu_fanout_leaf=16, nr_cpu_ids=1
[    0.004000] NR_IRQS: 524544, nr_irqs: 256, preallocated irqs: 16
[    0.004000] random: crng init done
[    0.004000] Console: colour VGA+ 80x25
[    0.004000] console [tty1] enabled
[    0.004000] console [ttyS0] enabled
[    0.004000] ACPI: Core revision 20170831
[    0.004000] ACPI: 2 ACPI AML tables successfully acquired and loaded
[    0.004000] APIC: Switch to symmetric I/O mode setup
[    0.004000] x2apic enabled
[    0.004000] Switched APIC routing to physical x2apic.
[    0.005773] ..TIMER: vector=0x30 apic1=0 pin1=2 apic2=-1 pin2=-1
[    0.008007] tsc: Detected 2519.558 MHz processor
[    0.012013] Calibrating delay loop (skipped) preset value.. 5039.11 BogoMIPS (lpj=10078232)
[    0.014557] pid_max: default: 32768 minimum: 301
[    0.016055] Security Framework initialized
[    0.017517] Yama: becoming mindful.
[    0.018624] AppArmor: AppArmor initialized
[    0.020379] Dentry cache hash table entries: 131072 (order: 8, 1048576 bytes)
[    0.022498] Inode-cache hash table entries: 65536 (order: 7, 524288 bytes)
[    0.024041] Mount-cache hash table entries: 2048 (order: 2, 16384 bytes)
[    0.026019] Mountpoint-cache hash table entries: 2048 (order: 2, 16384 bytes)
[    0.028375] process: using mwait in idle threads
[    0.029749] Last level iTLB entries: 4KB 64, 2MB 8, 4MB 8
[    0.032005] Last level dTLB entries: 4KB 64, 2MB 0, 4MB 0, 1GB 4
[    0.033802] Spectre V1 : Mitigation: usercopy/swapgs barriers and __user pointer sanitization
[    0.036006] Spectre V2 : Mitigation: Retpolines
[    0.037419] Spectre V2 : Spectre v2 / SpectreRSB mitigation: Filling RSB on context switch
[    0.040004] Spectre V2 : Spectre v2 / SpectreRSB : Filling RSB on VMEXIT
[    0.044003] RETBleed: WARNING: Spectre v2 mitigation leaves CPU vulnerable to RETBleed attacks, data leaks possible!
[    0.047107] RETBleed: Vulnerable
[    0.048004] Speculative Store Bypass: Vulnerable
[    0.049561] MDS: Mitigation: Clear CPU buffers
[    0.050973] MMIO Stale Data: Mitigation: Clear CPU buffers
[    0.052020] SRBDS: Unknown: Dependent on hypervisor status
[    0.075642] Freeing SMP alternatives memory: 36K
[    0.189153] smpboot: CPU0: Intel(R) Core(TM) i5-6300U CPU @ 2.40GHz (family: 0x6, model: 0x4e, stepping: 0x3)
[    0.191832] Performance Events: unsupported p6 CPU model 78 no PMU driver, software events only.
[    0.192036] Hierarchical SRCU implementation.
[    0.193758] NMI watchdog: Perf event create on CPU 0 failed with -2
[    0.195390] NMI watchdog: Perf NMI watchdog permanently disabled
[    0.196038] smp: Bringing up secondary CPUs ...
[    0.197279] smp: Brought up 1 node, 1 CPU
[    0.198343] smpboot: Max logical packages: 1
[    0.200003] smpboot: Total of 1 processors activated (5039.11 BogoMIPS)
[    0.201818] devtmpfs: initialized
[    0.202793] x86/mm: Memory block size: 128MB
[    0.204168] evm: security.selinux
[    0.205108] evm: security.SMACK64
[    0.206109] evm: security.SMACK64EXEC
[    0.207116] evm: security.SMACK64TRANSMUTE
[    0.208003] evm: security.SMACK64MMAP
[    0.209029] evm: security.apparmor
[    0.209972] evm: security.ima
[    0.212002] evm: security.capability
[    0.213133] clocksource: jiffies: mask: 0xffffffff max_cycles: 0xffffffff, max_idle_ns: 7645041785100000 ns
[    0.215645] futex hash table entries: 256 (order: 2, 16384 bytes)
[    0.216045] pinctrl core: initialized pinctrl subsystem
[    0.217549] RTC time: 11:10:41, date: 03/29/24
[    0.220087] NET: Registered protocol family 16
[    0.221353] audit: initializing netlink subsys (disabled)
[    0.222886] cpuidle: using governor ladder
[    0.224003] cpuidle: using governor menu
[    0.225117] ACPI: bus type PCI registered
[    0.226230] acpiphp: ACPI Hot Plug PCI Controller Driver version: 0.5
[    0.228025] PCI: Using configuration type 1 for base access
[    0.229493] audit: type=2000 audit(1711710647.063:1): state=initialized audit_enabled=0 res=1
[    0.232335] HugeTLB registered 2.00 MiB page size, pre-allocated 0 pages
[    0.234378] ACPI: Added _OSI(Module Device)
[    0.236007] ACPI: Added _OSI(Processor Device)
[    0.237171] ACPI: Added _OSI(3.0 _SCP Extensions)
[    0.238463] ACPI: Added _OSI(Processor Aggregator Device)
[    0.240010] ACPI: Added _OSI(Linux-Dell-Video)
[    0.241174] ACPI: Added _OSI(Linux-Lenovo-NV-HDMI-Audio)
[    0.242618] ACPI: Added _OSI(Linux-HPI-Hybrid-Graphics)
[    0.244318] ACPI: Executed 1 blocks of module-level executable AML code
[    0.250688] ACPI: Interpreter enabled
[    0.251746] ACPI: (supports S0 S5)
[    0.252003] ACPI: Using IOAPIC for interrupt routing
[    0.253652] PCI: Using host bridge windows from ACPI; if necessary, use "pci=nocrs" and report a bug
[    0.256186] ACPI: Enabled 2 GPEs in block 00 to 07
[    0.265524] ACPI: PCI Root Bridge [PCI0] (domain 0000 [bus 00-ff])
[    0.267177] acpi PNP0A03:00: _OSC: OS supports [ASPM ClockPM Segments MSI]
[    0.268646] acpi PNP0A03:00: _OSC: not requesting OS control; OS requires [ExtendedConfig ASPM ClockPM MSI]
[    0.271165] acpi PNP0A03:00: fail to add MMCONFIG information, can't access extended PCI configuration space under this bridge.
[    0.276031] PCI host bridge to bus 0000:00
[    0.278630] pci_bus 0000:00: root bus resource [io  0x0000-0x0cf7 window]
[    0.280000] pci_bus 0000:00: root bus resource [io  0x0d00-0xffff window]
[    0.280003] pci_bus 0000:00: root bus resource [mem 0x000a0000-0x000bffff window]
[    0.282015] pci_bus 0000:00: root bus resource [mem 0x40000000-0xfdffffff window]
[    0.284003] pci_bus 0000:00: root bus resource [bus 00-ff]
[    0.289140] pci 0000:00:01.1: legacy IDE quirk: reg 0x10: [io  0x01f0-0x01f7]
[    0.290992] pci 0000:00:01.1: legacy IDE quirk: reg 0x14: [io  0x03f6]
[    0.292003] pci 0000:00:01.1: legacy IDE quirk: reg 0x18: [io  0x0170-0x0177]
[    0.293805] pci 0000:00:01.1: legacy IDE quirk: reg 0x1c: [io  0x0376]
[    0.309221] pci 0000:00:07.0: quirk: [io  0x4000-0x403f] claimed by PIIX4 ACPI
[    0.311349] pci 0000:00:07.0: quirk: [io  0x4100-0x410f] claimed by PIIX4 SMB
[    0.322068] ACPI: PCI Interrupt Link [LNKA] (IRQs 5 9 10 *11)
[    0.323982] ACPI: PCI Interrupt Link [LNKB] (IRQs 5 9 *10 11)
[    0.324135] ACPI: PCI Interrupt Link [LNKC] (IRQs 5 *9 10 11)
[    0.325755] ACPI: PCI Interrupt Link [LNKD] (IRQs 5 9 10 *11)
[    0.328359] SCSI subsystem initialized
[    0.329557] pci 0000:00:02.0: vgaarb: setting as boot VGA device
[    0.331093] pci 0000:00:02.0: vgaarb: VGA device added: decodes=io+mem,owns=io+mem,locks=none
[    0.332004] pci 0000:00:02.0: vgaarb: bridge control possible
[    0.333452] vgaarb: loaded
[    0.336046] ACPI: bus type USB registered
[    0.337244] usbcore: registered new interface driver usbfs
[    0.338651] usbcore: registered new interface driver hub
[    0.340000] usbcore: registered new device driver usb
[    0.340061] EDAC MC: Ver: 3.0.0
[    0.341212] PCI: Using ACPI for IRQ routing
[    0.344280] NetLabel: Initializing
[    0.345256] NetLabel:  domain hash size = 128
[    0.346426] NetLabel:  protocols = UNLABELED CIPSOv4 CALIPSO
[    0.348024] NetLabel:  unlabeled traffic allowed by default
[    0.349588] clocksource: Switched to clocksource kvm-clock
[    0.357790] VFS: Disk quotas dquot_6.6.0
[    0.360967] VFS: Dquot-cache hash table entries: 512 (order 0, 4096 bytes)
[    0.362802] AppArmor: AppArmor Filesystem Enabled
[    0.364166] pnp: PnP ACPI init
[    0.366234] pnp: PnP ACPI: found 3 devices
[    0.373057] clocksource: acpi_pm: mask: 0xffffff max_cycles: 0xffffff, max_idle_ns: 2085701024 ns
[    0.375713] NET: Registered protocol family 2
[    0.377007] IP idents hash table entries: 16384 (order: 5, 131072 bytes)
[    0.378913] TCP established hash table entries: 8192 (order: 4, 65536 bytes)
[    0.380736] TCP bind hash table entries: 8192 (order: 5, 131072 bytes)
[    0.382368] TCP: Hash tables configured (established 8192 bind 8192)
[    0.384136] UDP hash table entries: 512 (order: 2, 16384 bytes)
[    0.385749] UDP-Lite hash table entries: 512 (order: 2, 16384 bytes)
[    0.387442] NET: Registered protocol family 1
[    0.388653] pci 0000:00:00.0: Limiting direct PCI/PCI transfers
[    0.390173] pci 0000:00:01.0: Activating ISA DMA hang workarounds
[    0.391819] pci 0000:00:02.0: Video device with shadowed ROM at [mem 0x000c0000-0x000dffff]
[    0.394111] Unpacking initramfs...
[    0.714549] Freeing initrd memory: 20396K
[    0.716500] clocksource: tsc: mask: 0xffffffffffffffff max_cycles: 0x24516591b4b, max_idle_ns: 440795232950 ns
[    0.718725] platform rtc_cmos: registered platform RTC device (no PNP device found)
[    0.720605] Scanning for low memory corruption every 60 seconds
[    0.722505] Initialise system trusted keyrings
[    0.723597] Key type blacklist registered
[    0.724657] workingset: timestamp_bits=36 max_order=18 bucket_order=0
[    0.727287] zbud: loaded
[    0.728567] squashfs: version 4.0 (2009/01/31) Phillip Lougher
[    0.730088] fuse init (API version 7.26)
[    0.731807] Key type asymmetric registered
[    0.732850] Asymmetric key parser 'x509' registered
[    0.734109] Block layer SCSI generic (bsg) driver version 0.4 loaded (major 246)
[    0.735920] io scheduler noop registered
[    0.736921] io scheduler deadline registered
[    0.737988] io scheduler cfq registered (default)
[    0.739353] ACPI: AC Adapter [AC] (on-line)
[    0.740491] input: Power Button as /devices/LNXSYSTM:00/LNXPWRBN:00/input/input0
[    0.742201] ACPI: Power Button [PWRF]
[    0.743192] input: Sleep Button as /devices/LNXSYSTM:00/LNXSLPBN:00/input/input1
[    0.744961] ACPI: Sleep Button [SLPF]
[    0.747047] ACPI: Battery Slot [BAT0] (battery present)
[    0.748369] Serial: 8250/16550 driver, 32 ports, IRQ sharing enabled
[    0.772294] 00:02: ttyS0 at I/O 0x3f8 (irq = 4, base_baud = 115200) is a 16550A
[    0.775355] Linux agpgart interface v0.103
[    0.777392] loop: module loaded
[    0.778732] scsi host0: ata_piix
[    0.779626] scsi host1: ata_piix
[    0.780509] ata1: PATA max UDMA/33 cmd 0x1f0 ctl 0x3f6 bmdma 0xd000 irq 14
[    0.781958] ata2: PATA max UDMA/33 cmd 0x170 ctl 0x376 bmdma 0xd008 irq 15
[    0.783908] tun: Universal TUN/TAP device driver, 1.6
[    0.785086] PPP generic driver version 2.4.2
[    0.786106] ehci_hcd: USB 2.0 'Enhanced' Host Controller (EHCI) Driver
[    0.787537] ehci-pci: EHCI PCI platform driver
[    0.788595] ehci-platform: EHCI generic platform driver
[    0.789767] ohci_hcd: USB 1.1 'Open' Host Controller (OHCI) Driver
[    0.791097] ohci-pci: OHCI PCI platform driver
[    0.792140] ohci-platform: OHCI generic platform driver
[    0.793330] uhci_hcd: USB Universal Host Controller Interface driver
[    0.794760] i8042: PNP: PS/2 Controller [PNP0303:PS2K,PNP0f03:PS2M] at 0x60,0x64 irq 1,12
[    0.797104] serio: i8042 KBD port at 0x60,0x64 irq 1
[    0.798275] serio: i8042 AUX port at 0x60,0x64 irq 12
[    0.799482] mousedev: PS/2 mouse device common for all mice
[    0.800958] input: AT Translated Set 2 keyboard as /devices/platform/i8042/serio0/input/input2
[    0.803225] rtc_cmos rtc_cmos: rtc core: registered rtc_cmos as rtc0
[    0.804685] rtc_cmos rtc_cmos: alarms up to one day, 114 bytes nvram
[    0.806061] i2c /dev entries driver
[    0.806975] device-mapper: uevent: version 1.0.3
[    0.808070] device-mapper: ioctl: 4.37.0-ioctl (2017-09-20) initialised: dm-devel@redhat.com
[    0.809949] ledtrig-cpu: registered to indicate activity on CPUs
[    0.811657] intel_pmc_core:  initialized
[    0.812934] NET: Registered protocol family 10
[    0.817446] Segment Routing with IPv6
[    0.818438] NET: Registered protocol family 17
[    0.819507] Key type dns_resolver registered
[    0.820638] mce: Using 0 MCE banks
[    0.821506] RAS: Correctable Errors collector initialized.
[    0.822729] sched_clock: Marking stable (820520572, 0)->(1022818830, -202298258)
[    0.824481] registered taskstats version 1
[    0.825520] Loading compiled-in X.509 certificates
[    0.828781] Loaded X.509 cert 'Build time autogenerated kernel key: cdc7189136aaa35407544516090e2034d9c28e14'
[    0.831497] Loaded X.509 cert 'Canonical Ltd. Live Patch Signing: 14df34d1a87cf37625abec039ef2bf521249b969'
[    0.834100] Loaded X.509 cert 'Canonical Ltd. Kernel Module Signing: 88f752e560a1e0737e31163a466ad7b70a850c19'
[    0.836270] blacklist: Loading compiled-in revocation X.509 certificates
[    0.837782] Loaded X.509 cert 'Canonical Ltd. Secure Boot Signing: 61482aa2830d0ab2ad5af10b7250da9033ddcef0'
[    0.839909] Loaded X.509 cert 'Canonical Ltd. Secure Boot Signing (2017): 242ade75ac4a15e50d50c84b0d45ff3eae707a03'
[    0.842124] Loaded X.509 cert 'Canonical Ltd. Secure Boot Signing (ESM 2018): 365188c1d374d6b07c3c8f240f8ef722433d6a8b'
[    0.844397] Loaded X.509 cert 'Canonical Ltd. Secure Boot Signing (2019): c0746fd6c5da3ae827864651ad66ae47fe24b3e8'
[    0.846661] Loaded X.509 cert 'Canonical Ltd. Secure Boot Signing (2021 v1): a8d54bbb3825cfb94fa13c9f8a594a195c107b8d'
[    0.848912] Loaded X.509 cert 'Canonical Ltd. Secure Boot Signing (2021 v2): 4cf046892d6fd3c9a5b03f98d845f90851dc6a8c'
[    0.851208] Loaded X.509 cert 'Canonical Ltd. Secure Boot Signing (2021 v3): 100437bb6de6e469b581e61cd66bce3ef4ed53af'
[    0.853449] Loaded X.509 cert 'Canonical Ltd. Secure Boot Signing (Ubuntu Core 2019): c1d57b8f6b743f23ee41f4f7ee292f06eecadfb9'
[    0.855827] zswap: loaded using pool lzo/zbud
[    0.859991] Key type big_key registered
[    0.861009] Key type trusted registered
[    0.863402] Key type encrypted registered
[    0.864367] AppArmor: AppArmor sha1 policy hashing enabled
[    0.865659] ima: No TPM chip found, activating TPM-bypass! (rc=-19)
[    0.867026] ima: Allocated hash algorithm: sha1
[    0.868084] evm: HMAC attrs: 0x1
[    0.869199]   Magic number: 0:942:176
[    0.870168] rtc_cmos rtc_cmos: setting system clock to 2024-03-29 11:10:42 UTC (1711710642)
[    0.872034] BIOS EDD facility v0.16 2004-Jun-25, 0 devices found
[    0.873364] EDD information not available.
[    0.976762] Freeing unused kernel image memory: 2480K
[    0.984675] Write protecting the kernel read-only data: 20480k
[    0.987114] Freeing unused kernel image memory: 2008K
[    0.988827] Freeing unused kernel image memory: 1820K
[    1.000795] x86/mm: Checked W+X mappings: passed, no W+X pages found.
[    1.002246] x86/mm: Checking user space page tables
[    1.013555] x86/mm: Checked W+X mappings: passed, no W+X pages found.
Loading, please wait...
starting version 237
[    1.142103] e1000: Intel(R) PRO/1000 Network Driver - version 7.3.21-k8-NAPI
[    1.144245] e1000: Copyright (c) 1999-2006 Intel Corporation.
[    1.151207] Fusion MPT base driver 3.04.20
[    1.152793] Copyright (c) 1999-2008 LSI Corporation
[    1.169229] Fusion MPT SPI Host driver 3.04.20
[    1.214688] AVX2 version of gcm_enc/dec engaged.
[    1.216204] AES CTR mode by8 optimization enabled
[    1.364355] input: ImExPS/2 Generic Explorer Mouse as /devices/platform/i8042/serio1/input/input4
[    1.619148] e1000 0000:00:03.0 eth0: (PCI:33MHz:32-bit) 02:3b:7b:b7:3b:2d
[    1.620757] e1000 0000:00:03.0 eth0: Intel(R) PRO/1000 Network Connection
[    1.623311] mptbase: ioc0: Initiating bringup
[    1.728483] ioc0: LSI53C1030 A0: Capabilities={Initiator}
[    1.975019] scsi host2: ioc0: LSI53C1030 A0, FwRev=00000000h, Ports=1, MaxQ=256, IRQ=20
[    2.149697] scsi 2:0:0:0: Direct-Access     VBOX     HARDDISK         1.0  PQ: 0 ANSI: 5
[    2.163272] scsi target2:0:0: Beginning Domain Validation
[    2.173249] scsi target2:0:0: Domain Validation skipping write tests
[    2.179026] scsi target2:0:0: Ending Domain Validation
[    2.182731] scsi target2:0:0: asynchronous
[    2.185954] scsi 2:0:1:0: Direct-Access     VBOX     HARDDISK         1.0  PQ: 0 ANSI: 5
[    2.189597] scsi target2:0:1: Beginning Domain Validation
[    2.193223] scsi target2:0:1: Domain Validation skipping write tests
[    2.195215] scsi target2:0:1: Ending Domain Validation
[    2.201602] scsi target2:0:1: asynchronous
[    2.283540] sd 2:0:0:0: [sda] 83886080 512-byte logical blocks: (42.9 GB/40.0 GiB)
[    2.285696] sd 2:0:0:0: Attached scsi generic sg0 type 0
[    2.287324] sd 2:0:0:0: [sda] Write Protect is off
[    2.288817] sd 2:0:1:0: Attached scsi generic sg1 type 0
[    2.290429] sd 2:0:1:0: [sdb] 20480 512-byte logical blocks: (10.5 MB/10.0 MiB)
[    2.292296] sd 2:0:1:0: [sdb] Write Protect is off
[    2.298590] sd 2:0:1:0: [sdb] Incomplete mode parameter data
[    2.299866] sd 2:0:1:0: [sdb] Assuming drive cache: write through
[    2.301447] sd 2:0:0:0: [sda] Incomplete mode parameter data
[    2.302682] sd 2:0:0:0: [sda] Assuming drive cache: write through
[    2.310280]  sda: sda1
[    2.311927] sd 2:0:0:0: [sda] Attached SCSI disk
[    2.319382] sd 2:0:1:0: [sdb] Attached SCSI disk
[    2.614627] e1000 0000:00:08.0 eth1: (PCI:33MHz:32-bit) 08:00:27:a6:0f:45
[    2.616174] e1000 0000:00:08.0 eth1: Intel(R) PRO/1000 Network Connection
[    2.619053] e1000 0000:00:08.0 enp0s8: renamed from eth1
[    2.622505] e1000 0000:00:03.0 enp0s3: renamed from eth0
Begin: Loading essential drivers ... [    4.305331] raid6: sse2x1   gen() 11144 MB/s
[    4.353089] raid6: sse2x1   xor()  6671 MB/s
[    4.417094] raid6: sse2x2   gen() 13809 MB/s
[    4.478199] raid6: sse2x2   xor()  8146 MB/s
[    4.535867] raid6: sse2x4   gen() 16502 MB/s
[    4.600245] raid6: sse2x4   xor()  7546 MB/s
[    4.660032] raid6: avx2x1   gen() 13388 MB/s
[    4.725315] raid6: avx2x1   xor() 14081 MB/s
[    4.785365] raid6: avx2x2   gen() 30471 MB/s
[    4.849765] raid6: avx2x2   xor() 16763 MB/s
[    4.914091] raid6: avx2x4   gen() 31211 MB/s
[    4.987388] raid6: avx2x4   xor() 22121 MB/s
[    4.988432] raid6: using algorithm avx2x4 gen() 31211 MB/s
[    4.989638] raid6: .... xor() 22121 MB/s, rmw enabled
[    4.990793] raid6: using avx2x2 recovery algorithm
[    4.993632] xor: automatically using best checksumming function   avx       
[    4.996840] async_tx: api initialized (async)
done.
Begin: Running /scripts/init-premount ... done.
Begin: Mounting root file system ... Begin: Running /scripts/local-top ... done.
Begin: Running /scripts/local-premount ... [    5.061760] Btrfs loaded, crc32c=crc32c-intel
Scanning for Btrfs filesystems
done.
Begin: Will now check root file system ... fsck from util-linux 2.31.1
[/sbin/fsck.ext4 (1) -- /dev/sda1] fsck.ext4 -a -C0 /dev/sda1 
cloudimg-rootfs: clean, 123676/5120000 files, 1320507/10485499 blocks
done.
[    5.121487] EXT4-fs (sda1): mounted filesystem with ordered data mode. Opts: (null)
done.
Begin: Running /scripts/local-bottom ... done.
Begin: Running /scripts/init-bottom ... done.
[    5.412261] ip_tables: (C) 2000-2006 Netfilter Core Team
[    5.426939] systemd[1]: systemd 237 running in system mode. (+PAM +AUDIT +SELINUX +IMA +APPARMOR +SMACK +SYSVINIT +UTMP +LIBCRYPTSETUP +GCRYPT +GNUTLS +ACL +XZ +LZ4 +SECCOMP +BLKID +ELFUTILS +KMOD -IDN2 +IDN -PCRE2 default-hierarchy=hybrid)
[    5.431650] systemd[1]: Detected virtualization oracle.
[    5.432924] systemd[1]: Detected architecture x86-64.

Welcome to [1mUbuntu 18.04.6 LTS[0m!

[    5.450184] systemd[1]: Set hostname to <lxc>.
[    5.804956] systemd[1]: Started Forward Password Requests to Wall Directory Watch.
[[0;32m  OK  [0m] Started Forward Password Requests to Wall Directory Watch.
[    5.808547] systemd[1]: Reached target Mounting snaps.
[[0;32m  OK  [0m] Reached target Mounting snaps.
[    5.810982] systemd[1]: Reached target Mounted snaps.
[[0;32m  OK  [0m] Reached target Mounted snaps.
[    5.813806] systemd[1]: Set up automount Arbitrary Executable File Formats File System Automount Point.
[[0;32m  OK  [0m] Set up automount Arbitrary Executabâ€¦rmats File System Automount Point.
[    5.817937] systemd[1]: Reached target System Time Synchronized.
[[0;32m  OK  [0m] Reached target System Time Synchronized.
[    5.820988] systemd[1]: Reached target Swap.
[[0;32m  OK  [0m] Reached target Swap.
[[0;32m  OK  [0m] Created slice System Slice.
[[0;32m  OK  [0m] Listening on LVM2 poll daemon socket.
[[0;32m  OK  [0m] Listening on LVM2 metadata daemon socket.
[[0;32m  OK  [0m] Listening on Journal Socket.
         Starting Set the console keyboard layout...
         Starting Create list of required stâ€¦ce nodes for the current kernel...
[[0;32m  OK  [0m] Listening on Journal Audit Socket.
         Mounting Kernel Debug File System...
[[0;32m  OK  [0m] Listening on Device-mapper event daemon FIFOs.
         Starting Monitoring of LVM2 mirrorsâ€¦ng dmeventd or progress polling...
         Starting Uncomplicated firewall...
[[0;32m  OK  [0m] Listening on Syslog Socket.
[[0;32m  OK  [0m] Created slice system-serial\x2dgetty.slice.
[[0;32m  OK  [0m] Listening on udev Control Socket.
[[0;32m  OK  [0m] Reached target User and Group Name Lookups.
[[0;32m  OK  [0m] Listening on Journal Socket (/dev/log).
         Starting Journal Service...
[[0;32m  OK  [0m] Listening on udev Kernel Socket.
         Starting Load Kernel Modules...
         Starting udev Coldplug all Devices...
[[0;32m  OK  [0m] Created slice User and Session Slice.
[[0;32m  OK  [0m] Reached target Slices.
[[0;32m  OK  [0m] Listening on /dev/initctl Compatibility Named Pipe.
[[0;32m  OK  [0m] Listening on fsck to fsckd communication Socket.
         Starting Remount Root and Kernel File Systems...
[    5.951205] Loading iSCSI transport class v2.0-870.
[[0;32m  OK  [0m] Listening on Network Service Netlink Socket.
         Mounting POSIX Message Queue File System...
         Mounting Huge Pages File System...
[[0;32m  OK  [0m] Started Journal Service.
[[0;32m  OK  [0m] Started Create list of required staâ€¦vice nodes for the current kernel.
[[0;32m  OK  [0m] Mounted Kernel Debug File System.
[    5.981480] EXT4-fs (sda1): re-mounted. Opts: (null)
[[0;32m  OK  [0m] Started Uncomplicated firewall.
[[0;32m  OK  [0m] Mounted POSIX Message Queue File System.
[[0;32m  OK  [0m] Mounted Huge Pages File System.
[[0;32m  OK  [0m] Started LVM2 metadata daemon.
         Starting Create Static Device Nodes in /dev...
[[0;32m  OK  [0m] Started Remount Root and Kernel File Systems.
[    5.999133] iscsi: registered transport (tcp)
         Starting Flush Journal to Persistent Storage...
         Starting Load/Save Random Seed...
[[0;32m  OK  [0m] Started Create Static Device Nodes in /dev.
         Starting udev Kernel Device Manager...
[[0;32m  OK  [0m] Started Monitoring of LVM2 mirrors,â€¦sing dmeventd or progress polling.
[[0;32m  OK  [0m] Started Load/Save Random Seed.
[    6.114078] systemd-journald[411]: Received request to flush runtime journal from PID 1
[[0;32m  OK  [0m] Started udev Kernel Device Manager.
[[0;32m  OK  [0m] Started udev Coldplug all Devices.
[[0;32m  OK  [0m] Started Set the console keyboard layout.
[[0;32m  OK  [0m] Reached target Local File Systems (Pre).
[[0;32m  OK  [0m] Reached target Local File Systems.
         Starting ebtables ruleset management...
         Starting Tell Plymouth To Write Out Runtime Data...
         Starting AppArmor initialization...
         Starting Set console font and keymap...
[[0;32m  OK  [0m] Started Dispatch Password Requests to Console Directory Watch.
[[0;32m  OK  [0m] Reached target Local Encrypted Volumes.
[[0;32m  OK  [0m] Started Flush Journal to Persistent Storage.
         Starting Create Volatile Files and Directories...
[[0;32m  OK  [0m] Started Tell Plymouth To Write Out Runtime Data.
[[0;32m  OK  [0m] Started Set console font and keymap.
[    6.383757] iscsi: registered transport (iser)
[[0;32m  OK  [0m] Started Load Kernel Modules.
         Mounting FUSE Control File System...
         Mounting Kernel Configuration File System...
         Starting Apply Kernel Variables...
[[0;32m  OK  [0m] Mounted FUSE Control File System.
[[0;32m  OK  [0m] Mounted Kernel Configuration File System.
[[0;32m  OK  [0m] Started Create Volatile Files and Directories.
         Starting Update UTMP about System Boot/Shutdown...
[[0;32m  OK  [0m] Started Update UTMP about System Boot/Shutdown.
[[0;32m  OK  [0m] Started Apply Kernel Variables.
[[0;32m  OK  [0m] Started ebtables ruleset management.
[[0;32m  OK  [0m] Started AppArmor initialization.
         Starting Initial cloud-init job (pre-networking)...
         Starting Load AppArmor profiles managed internally by snapd...
         Mounting Arbitrary Executable File Formats File System...
[[0;32m  OK  [0m] Found device /dev/ttyS0.
[[0;32m  OK  [0m] Mounted Arbitrary Executable File Formats File System.
[[0;32m  OK  [0m] Started Load AppArmor profiles managed internally by snapd.
[[0;32m  OK  [0m] Listening on Load/Save RF Kill Switch Status /dev/rfkill Watch.
[    8.733723] cloud-init[529]: Cloud-init v. 23.1.2-0ubuntu0~18.04.1 running 'init-local' at Fri, 29 Mar 2024 11:10:50 +0000. Up 8.47 seconds.
[[0;32m  OK  [0m] Started Initial cloud-init job (pre-networking).
[[0;32m  OK  [0m] Reached target Network (Pre).
         Starting Network Service...
[[0;32m  OK  [0m] Started Network Service.
         Starting Wait for Network to be Configured...
         Starting Network Name Resolution...
[[0;32m  OK  [0m] Started Network Name Resolution.
[[0;32m  OK  [0m] Reached target Host and Network Name Lookups.
[[0;32m  OK  [0m] Started Wait for Network to be Configured.
         Starting Initial cloud-init job (metadata service crawler)...
[   12.084511] cloud-init[665]: Cloud-init v. 23.1.2-0ubuntu0~18.04.1 running 'init' at Fri, 29 Mar 2024 11:10:53 +0000. Up 11.72 seconds.
[   12.096711] cloud-init[665]: ci-info: ++++++++++++++++++++++++++++++++++++++Net device info++++++++++++++++++++++++++++++++++++++
[   12.103790] cloud-init[665]: ci-info: +--------+------+----------------------------+---------------+--------+-------------------+
[   12.109664] cloud-init[665]: ci-info: | Device |  Up  |          Address           |      Mask     | Scope  |     Hw-Address    |
[   12.128363] cloud-init[665]: ci-info: +--------+------+----------------------------+---------------+--------+-------------------+
[   12.141354] cloud-init[665]: ci-info: | enp0s3 | True |         10.0.2.15          | 255.255.255.0 | global | 02:3b:7b:b7:3b:2d |
[   12.152849] cloud-init[665]: ci-info: | enp0s3 | True | fe80::3b:7bff:feb7:3b2d/64 |       .       |  link  | 02:3b:7b:b7:3b:2d |
[   12.168434] cloud-init[665]: ci-info: | enp0s8 | True |        192.168.1.12        | 255.255.255.0 | global | 08:00:27:a6:0f:45 |
[   12.180313] cloud-init[665]: ci-info: | enp0s8 | True | fe80::a00:27ff:fea6:f45/64 |       .       |  link  | 08:00:27:a6:0f:45 |
[   12.198473] cloud-init[665]: ci-info: |   lo   | True |         127.0.0.1          |   255.0.0.0   |  host  |         .         |
[   12.216866] cloud-init[665]: ci-info: |   lo   | True |          ::1/128           |       .       |  host  |         .         |
[   12.223292] cloud-init[665]: ci-info: +--------+------+----------------------------+---------------+--------+-------------------+
[   12.228861] cloud-init[665]: ci-info: ++++++++++++++++++++++++++++Route IPv4 info+++++++++++++++++++++++++++++
[   12.236473] cloud-init[665]: ci-info: +-------+-------------+----------+-----------------+-----------+-------+
[   12.238829] cloud-init[665]: ci-info: | Route | Destination | Gateway  |     Genmask     | Interface | Flags |
[   12.244422] cloud-init[665]: ci-info: +-------+-------------+----------+-----------------+-----------+-------+
[   12.248377] cloud-init[665]: ci-info: |   0   |   0.0.0.0   | 10.0.2.2 |     0.0.0.0     |   enp0s3  |   UG  |
[   12.252324] cloud-init[665]: ci-info: |   1   |   10.0.2.0  | 0.0.0.0  |  255.255.255.0  |   enp0s3  |   U   |
[   12.257236] cloud-init[665]: ci-info: |   2   |   10.0.2.2  | 0.0.0.0  | 255.255.255.255 |   enp0s3  |   UH  |
[   12.263088] cloud-init[665]: ci-info: |   3   | 192.168.1.0 | 0.0.0.0  |  255.255.255.0  |   enp0s8  |   U   |
[   12.265465] cloud-init[665]: ci-info: +-------+-------------+----------+-----------------+-----------+-------+
[   12.275613] cloud-init[665]: ci-info: +++++++++++++++++++Route IPv6 info+++++++++++++++++++
[   12.277290] cloud-init[665]: ci-info: +-------+-------------+---------+-----------+-------+
[   12.280088] cloud-init[665]: ci-info: | Route | Destination | Gateway | Interface | Flags |
[   12.284377] cloud-init[665]: ci-info: +-------+-------------+---------+-----------+-------+
[   12.288378] cloud-init[665]: ci-info: |   1   |  fe80::/64  |    ::   |   enp0s8  |   U   |
[   12.292009] cloud-init[665]: ci-info: |   2   |  fe80::/64  |    ::   |   enp0s3  |   U   |
[   12.294057] cloud-init[665]: ci-info: |   4   |    local    |    ::   |   enp0s3  |   U   |
[   12.300372] cloud-init[665]: ci-info: |   5   |    local    |    ::   |   enp0s8  |   U   |
[   12.302573] cloud-init[665]: ci-info: |   6   |   ff00::/8  |    ::   |   enp0s8  |   U   |
[   12.307773] cloud-init[665]: ci-info: |   7   |   ff00::/8  |    ::   |   enp0s3  |   U   |
[   12.309903] cloud-init[665]: ci-info: +-------+-------------+---------+-----------+-------+
[[0;32m  OK  [0m] Started Initial cloud-init job (metadata service crawler).
[[0;32m  OK  [0m] Reached target Cloud-config availability.
[[0;32m  OK  [0m] Reached target System Initialization.
[[0;32m  OK  [0m] Listening on D-Bus System Message Bus Socket.
[[0;32m  OK  [0m] Listening on cloud-init hotplug hook socket.
[[0;32m  OK  [0m] Listening on UUID daemon activation socket.
         Starting LXD - unix socket.
         Starting Socket activation for snappy daemon.
[[0;32m  OK  [0m] Started Message of the Day.
         Starting Docker Socket for the API.
[[0;32m  OK  [0m] Started Daily apt download activities.
[[0;32m  OK  [0m] Listening on Open-iSCSI iscsid Socket.
[[0;32m  OK  [0m] Started Daily apt upgrade and clean activities.
[[0;32m  OK  [0m] Started ACPI Events Check.
[[0;32m  OK  [0m] Reached target Paths.
[[0;32m  OK  [0m] Started Daily Cleanup of Temporary Directories.
[[0;32m  OK  [0m] Started Discard unused blocks once a week.
[[0;32m  OK  [0m] Reached target Timers.
[[0;32m  OK  [0m] Listening on ACPID Listen Socket.
[[0;32m  OK  [0m] Listening on LXD - unix socket.
[[0;32m  OK  [0m] Listening on Socket activation for snappy daemon.
[[0;32m  OK  [0m] Listening on Docker Socket for the API.
[[0;32m  OK  [0m] Reached target Sockets.
[[0;32m  OK  [0m] Reached target Basic System.
[[0;32m  OK  [0m] Started FUSE filesystem for LXC.
[[0;32m  OK  [0m] Started D-Bus System Message Bus.
         Starting Accounts Service...
         Starting Virtualbox guest utils...
         Starting LXD - container startup/shutdown...
[[0;32m  OK  [0m] Reached target Login Prompts (Pre).
[[0;32m  OK  [0m] Started irqbalance daemon.
         Starting Dispatcher daemon for systemd-networkd...
[[0;32m  OK  [0m] Started Regular background program processing daemon.
         Starting LSB: Record successful boot for GRUB...
         Starting Snap Daemon...
         Starting Login Service...
[[0;32m  OK  [0m] Started Deferred execution scheduler.
         Starting System Logging Service...
         Starting Open vSwitch Database Unit...
[[0;32m  OK  [0m] Started System Logging Service.
[[0;32m  OK  [0m] Started Login Service.
         Starting Authorization Manager...
[[0;32m  OK  [0m] Started LSB: Record successful boot for GRUB.
[[0;32m  OK  [0m] Started Authorization Manager.
[[0;32m  OK  [0m] Started Accounts Service.
[[0;32m  OK  [0m] Started Virtualbox guest utils.
[[0;32m  OK  [0m] Started Dispatcher daemon for systemd-networkd.
[[0;32m  OK  [0m] Started LXD - container startup/shutdown.
[[0;32m  OK  [0m] Started Open vSwitch Database Unit.
         Starting Open vSwitch Forwarding Unit...
[[0;32m  OK  [0m] Started Snap Daemon.
         Starting Wait until snapd is fully seeded...
         Starting Time & Date Service...
[[0;32m  OK  [0m] Started Open vSwitch Forwarding Unit.
         Starting Open vSwitch...
[[0;32m  OK  [0m] Started Open vSwitch.
[[0;32m  OK  [0m] Reached target Network.
[[0;32m  OK  [0m] Reached target Network is Online.
         Starting OpenBSD Secure Shell server...
         Starting Message of the Day...
         Starting LXC network bridge setup...
         Starting Availability of block devices...
[[0;32m  OK  [0m] Reached target Remote File Systems (Pre).
[[0;32m  OK  [0m] Started Unattended Upgrades Shutdown.
         Starting containerd container runtime...
         Mounting /home/vagrant/sdn...
[[0;32m  OK  [0m] Started Availability of block devices.
[[0;32m  OK  [0m] Started Time & Date Service.
[[0;32m  OK  [0m] Mounted /home/vagrant/sdn.
[[0;32m  OK  [0m] Reached target Remote File Systems.
         Starting LSB: automatic crash report generation...
         Starting Permit User Sessions...
[[0;32m  OK  [0m] Started Permit User Sessions.
         Starting Hold until boot process finishes up...
         Starting Terminate Plymouth Boot Screen...
[[0;32m  OK  [0m] Started Hold until boot process finishes up.
[[0;32m  OK  [0m] Started Serial Getty on ttyS0.
         Starting Set console scheme...
[[0;32m  OK  [0m] Started Wait until snapd is fully seeded.
[[0;32m  OK  [0m] Started Terminate Plymouth Boot Screen.
         Starting Apply the settings specified in cloud-config...
[[0;32m  OK  [0m] Started Set console scheme.
[[0;32m  OK  [0m] Created slice system-getty.slice.
[[0;32m  OK  [0m] Started Getty on tty1.
[[0;32m  OK  [0m] Reached target Login Prompts.
[[0;32m  OK  [0m] Started LSB: automatic crash report generation.
[[0;32m  OK  [0m] Started OpenBSD Secure Shell server.
[[0;32m  OK  [0m] Created slice User Slice of vagrant.
         Starting User Manager for UID 1000...
[[0;32m  OK  [0m] Started Session 1 of user vagrant.
[[0;32m  OK  [0m] Started LXC network bridge setup.
         Starting LXC Container Initialization and Autoboot Code...
[[0;32m  OK  [0m] Started containerd container runtime.
         Starting Docker Application Container Engine...
[[0;32m  OK  [0m] Started User Manager for UID 1000.
[[0;32m  OK  [0m] Started LXC Container Initialization and Autoboot Code.
[   20.136477] cloud-init[1074]: Cloud-init v. 23.1.2-0ubuntu0~18.04.1 running 'modules:config' at Fri, 29 Mar 2024 11:11:00 +0000. Up 18.78 seconds.

Ubuntu 18.04.6 LTS lxc ttyS0

lxc login: [   22.302708] cloud-init[1513]: Cloud-init v. 23.1.2-0ubuntu0~18.04.1 running 'modules:final' at Fri, 29 Mar 2024 11:11:03 +0000. Up 21.93 seconds.
[   22.320265] cloud-init[1513]: Cloud-init v. 23.1.2-0ubuntu0~18.04.1 finished at Fri, 29 Mar 2024 11:11:03 +0000. Datasource DataSourceNoCloud [seed=/dev/sdb][dsmode=net].  Up 22.27 seconds
